#-----------------------------------------------------------
# Vivado v2023.2.2 (64-bit)
# SW Build 4126759 on Thu Feb  8 23:53:51 MST 2024
# IP Build 4126054 on Fri Feb  9 11:39:09 MST 2024
# SharedData Build 4115275 on Tue Jan 30 00:40:57 MST 2024
# Start of session at: Tue Oct 29 16:54:10 2024
# Process ID: 19756
# Current directory: C:/Users/windows/Desktop/HSS/Q16_40840_optim/code2/ip/env_extr/src/ip_catalog/env_extr.runs/env_extr_bd_env_extr_1_0_synth_1
# Command line: vivado.exe -log env_extr_bd_env_extr_1_0.vds -product Vivado -mode batch -messageDb vivado.pb -notrace -source env_extr_bd_env_extr_1_0.tcl
# Log file: C:/Users/windows/Desktop/HSS/Q16_40840_optim/code2/ip/env_extr/src/ip_catalog/env_extr.runs/env_extr_bd_env_extr_1_0_synth_1/env_extr_bd_env_extr_1_0.vds
# Journal file: C:/Users/windows/Desktop/HSS/Q16_40840_optim/code2/ip/env_extr/src/ip_catalog/env_extr.runs/env_extr_bd_env_extr_1_0_synth_1\vivado.jou
# Running On: DESKTOP-JHBES8T, OS: Windows, CPU Frequency: 3187 MHz, CPU Physical cores: 24, Host memory: 137242 MB
#-----------------------------------------------------------
source env_extr_bd_env_extr_1_0.tcl -notrace
